
========================================
TESTING AADHAAR DATABASE SEARCHES
========================================

TEST 1: Get All Records
----------------------------------------
Total records: 8

1. Kavita Nair
   Aadhaar: 890123456789
   Gender: Female
   Address: 258 Jubilee Hills, Hyderabad, Telangana 500033

2. Rahul Mehta
   Aadhaar: 789012345678
   Gender: Male
   Address: 147 Banjara Hills, Hyderabad, Telangana 500034

3. Anjali Desai
   Aadhaar: 678901234567
   Gender: Female
   Address: 987 Marine Drive, Colaba, Mumbai, Maharashtra 400005

4. Vikram Singh
   Aadhaar: 567890123456
   Gender: Male
   Address: 654 Connaught Place, Central Delhi, New Delhi, Delhi 110001

5. Sneha Reddy
   Aadhaar: 456789012345
   Gender: Female
   Address: 321 Brigade Road, HSR Layout, Bangalore, Karnataka 560102

6. Amit Patel
   Aadhaar: 345678901234
   Gender: Male
   Address: 789 MG Road, Koramangala, Bangalore, Karnataka 560095

7. Priya Sharma
   Aadhaar: 234567890123
   Gender: Female
   Address: 456 Park Avenue, Andheri West, Mumbai, Maharashtra 400053

8. Rajesh Kumar
   Aadhaar: 123456789012
   Gender: Male
   Address: 123 Main Street, Sector 5, New Delhi, Delhi 110001


========================================
TEST 2: Search by Aadhaar Number
----------------------------------------
Searching for: 890123456789

FOUND:
Name: Kavita Nair
Aadhaar: 890123456789
Gender: Female

========================================
TEST 3: Search by Name (Partial Match)
----------------------------------------
Searching for names containing: "Kavita"

Found 1 matching record(s):
1. Kavita Nair - 890123456789

========================================
TEST 4: Search by Gender
----------------------------------------
Searching for gender: Female

Found 4 record(s):
1. Priya Sharma (Female)
2. Sneha Reddy (Female)
3. Anjali Desai (Female)
4. Kavita Nair (Female)

========================================
TEST 5: Search by Address
----------------------------------------
Searching for addresses containing: "258 Jubilee Hills"

Found 1 record(s):
1. Kavita Nair
   Address: 258 Jubilee Hills, Hyderabad, Telangana 500033

========================================
TEST 6: Pagination (Page 1, Size 3)
----------------------------------------
Showing 3 of 8 records:

1. Kavita Nair - 890123456789
2. Rahul Mehta - 789012345678
3. Anjali Desai - 678901234567

========================================
ALL TESTS COMPLETED SUCCESSFULLY!
========================================

